GAMS 25.1.2  r67455 Released Aug  1, 2018 WEX-WEI x86 64bit/MS Windows - 09/02/18 13:33:16 Page 1
A Transportation Problem (TRNSPORT,SEQ=1)
C o m p i l a t i o n


   2    Sets
   3         i   supply   /1*2/
   4         j   demand   /1*2/ ;
   5   
   6   Parameters a(i)
   7  /
   8  1 100
   9  2 200
  10  /;
  11   Parameters b(j)
  12  /
  13  1 150
  14  2 150
  15  /;
  16   
  17   
  18  Parameter c(i,j)
  19  /
  20  1.1 2
  21  1.2 3
  22  2.1 3
  23  2.2 2
  24  /
  25   
  26    Variables
  27         x(i,j)  the passengers traveling from city i to airport j
  28         z       the total travel cost;
  29  Positive Variable x ;
  30   
  31    Equations
  32         cost
  33         supply(i)
  34         demand(j);
  35   
  36    cost ..z =e= sum((i,j), c(i,j)*x(i,j));
  37    supply(i).. sum(j, x(i,j)) =l= a(i) ;
  38    demand(j).. sum(i, x(i,j)) =g= b(j);
  39   
  40    Model transport /all/ ;
  41   
  42    Solve transport using lp minimizing z ;
  43   
  44    Display x.l, z.l;


COMPILATION TIME     =        0.000 SECONDS      3 MB  25.1.2 r67455 WEX-WEI
GAMS 25.1.2  r67455 Released Aug  1, 2018 WEX-WEI x86 64bit/MS Windows - 09/02/18 13:33:16 Page 2
A Transportation Problem (TRNSPORT,SEQ=1)
Equation Listing    SOLVE transport Using LP From line 42


---- cost  =E=  

cost..  - 2*x(1,1) - 3*x(1,2) - 3*x(2,1) - 2*x(2,2) + z =E= 0 ; (LHS = 0)
     

---- supply  =L=  

supply(1)..  x(1,1) + x(1,2) =L= 100 ; (LHS = 0)
     
supply(2)..  x(2,1) + x(2,2) =L= 200 ; (LHS = 0)
     

---- demand  =G=  

demand(1)..  x(1,1) + x(2,1) =G= 150 ; (LHS = 0, INFES = 150 ****)
     
demand(2)..  x(1,2) + x(2,2) =G= 150 ; (LHS = 0, INFES = 150 ****)
     
GAMS 25.1.2  r67455 Released Aug  1, 2018 WEX-WEI x86 64bit/MS Windows - 09/02/18 13:33:16 Page 3
A Transportation Problem (TRNSPORT,SEQ=1)
Column Listing      SOLVE transport Using LP From line 42


---- x  the passengers traveling from city i to airport j

x(1,1)
                (.LO, .L, .UP, .M = 0, 0, +INF, 0)
       -2       cost
        1       supply(1)
        1       demand(1)

x(1,2)
                (.LO, .L, .UP, .M = 0, 0, +INF, 0)
       -3       cost
        1       supply(1)
        1       demand(2)

x(2,1)
                (.LO, .L, .UP, .M = 0, 0, +INF, 0)
       -3       cost
        1       supply(2)
        1       demand(1)

REMAINING ENTRY SKIPPED

---- z  the total travel cost

z
                (.LO, .L, .UP, .M = -INF, 0, +INF, 0)
        1       cost

GAMS 25.1.2  r67455 Released Aug  1, 2018 WEX-WEI x86 64bit/MS Windows - 09/02/18 13:33:16 Page 4
A Transportation Problem (TRNSPORT,SEQ=1)
Model Statistics    SOLVE transport Using LP From line 42


MODEL STATISTICS

BLOCKS OF EQUATIONS           3     SINGLE EQUATIONS            5
BLOCKS OF VARIABLES           2     SINGLE VARIABLES            5
NON ZERO ELEMENTS            13


GENERATION TIME      =        0.031 SECONDS      4 MB  25.1.2 r67455 WEX-WEI


EXECUTION TIME       =        0.031 SECONDS      4 MB  25.1.2 r67455 WEX-WEI
GAMS 25.1.2  r67455 Released Aug  1, 2018 WEX-WEI x86 64bit/MS Windows - 09/02/18 13:33:16 Page 5
A Transportation Problem (TRNSPORT,SEQ=1)
Solution Report     SOLVE transport Using LP From line 42


               S O L V E      S U M M A R Y

     MODEL   transport           OBJECTIVE  z
     TYPE    LP                  DIRECTION  MINIMIZE
     SOLVER  CPLEX               FROM LINE  42

**** SOLVER STATUS     1 Normal Completion         
**** MODEL STATUS      1 Optimal                   
**** OBJECTIVE VALUE              650.0000

 RESOURCE USAGE, LIMIT          0.000      1000.000
 ITERATION COUNT, LIMIT         3    2000000000

IBM ILOG CPLEX   25.1.2 r67455 Released Aug  1, 2018 WEI x86 64bit/MS Windows 
Cplex 12.8.0.0

Space for names approximately 0.00 Mb
Use option 'names no' to turn use of names off
LP status(1): optimal
Cplex Time: 0.00sec (det. 0.01 ticks)
Optimal solution found.
Objective :         650.000000


                           LOWER          LEVEL          UPPER         MARGINAL

---- EQU cost                .              .              .             1.0000      

---- EQU supply  

         LOWER          LEVEL          UPPER         MARGINAL

1        -INF          100.0000       100.0000        -1.0000      
2        -INF          200.0000       200.0000          .          

---- EQU demand  

         LOWER          LEVEL          UPPER         MARGINAL

1       150.0000       150.0000        +INF            3.0000      
2       150.0000       150.0000        +INF            2.0000      

---- VAR x  the passengers traveling from city i to airport j

           LOWER          LEVEL          UPPER         MARGINAL

1.1          .           100.0000        +INF             .          
1.2          .              .            +INF            2.0000      
2.1          .            50.0000        +INF             .          
2.2          .           150.0000        +INF             .          

                           LOWER          LEVEL          UPPER         MARGINAL

---- VAR z                 -INF          650.0000        +INF             .          

  z  the total travel cost


**** REPORT SUMMARY :        0     NONOPT
                             0 INFEASIBLE
                             0  UNBOUNDED
GAMS 25.1.2  r67455 Released Aug  1, 2018 WEX-WEI x86 64bit/MS Windows - 09/02/18 13:33:16 Page 6
A Transportation Problem (TRNSPORT,SEQ=1)
E x e c u t i o n


----     44 VARIABLE x.L  the passengers traveling from city i to airport j

            1           2

1     100.000
2      50.000     150.000


----     44 VARIABLE z.L                   =      650.000  the total travel cost


EXECUTION TIME       =        0.000 SECONDS      3 MB  25.1.2 r67455 WEX-WEI


USER: GAMS Development Corporation, USA              G871201/0000CA-ANY
      Free Demo, +1 202-342-0180, support@gams.com, www.gams.com DC0000


**** FILE SUMMARY

Input      C:\Users\XZZZZZZZZ\Documents\gamsdir\projdir\transportation_question.gms
Output     C:\Users\XZZZZZZZZ\Documents\gamsdir\projdir\transportation_question.lst
